id = fun (x : int).x

z = 0

z : int
id : (int -> int)
