choice = fun (f : (int -> int) -> (int -> int) -> int -> int).fun (x : int).f (fun (x1 : int).x1) (fun (x1 : int).x1) x

choice : (((int -> int) -> ((int -> int) -> (int -> int))) -> (int -> int))
