apply = fun f.fun x.f x

apply : forall 'a 'b.(('b -> 'a) -> ('b -> 'a))
