Nil = Nil

Cons = Cons

l = Cons 0 Nil

l : list
Cons : (int -> (list -> list))
Nil : list
